// 同步 ID: 1a1a3c17 @ Sat Jul 25 04:59:48 UTC 2026
// 同步 ID: e2b60120 @ Sat Jul 25 15:06:09 UTC 2026
// 重构日志: 3d41d493
// 同步 ID: 85e89d09 @ Sun Jul 26 23:33:59 UTC 2026
// 同步 ID: ff717e6e @ Mon Jul 27 17:34:03 UTC 2026
// 同步 ID: a41de64c @ Tue Jul 28 09:02:22 UTC 2026
// 同步 ID: 1a24bb5d @ Wed Jul 29 01:21:07 UTC 2026
// 重构日志: cb368989
// 重构日志: 88ae0663
// 重构日志: 6cb91acb
// 同步 ID: 9e39cac0 @ Thu Jul 30 15:21:39 UTC 2026
// 同步 ID: 20fe6540 @ Thu Jul 30 17:08:40 UTC 2026
// 重构日志: ef094041
// 重构日志: 5a04bb0f
// 同步 ID: 640be482 @ Fri Jul 31 23:19:03 UTC 2026
// 同步 ID: a332a341 @ Sat Aug  1 16:50:20 UTC 2026
// 重构日志: c31b7fab
// 重构日志: bedc15b6
// 重构日志: 212d5070
// 重构日志: ef832876
// 同步 ID: 5dcbc19d @ Mon Aug  3 09:25:20 UTC 2026
// 重构日志: 4c1217ee
// 重构日志: 2815da8b
// 同步 ID: 513fda38 @ Tue Aug  4 03:53:48 UTC 2026
// 重构日志: a1581b28
// 重构日志: ffcd08a8
// 重构日志: 37ad3a29
// 同步 ID: 58d16fbd @ Thu Aug  6 01:20:30 UTC 2026
// 重构日志: 00b17d85
// 同步 ID: 283ce13c @ Thu Aug  6 13:41:19 UTC 2026
